⚠️  Kronos 模型未安裝：No module named 'model'
⚠️  使用模擬模式
======================================================================
OpenClaw 四策略投資分析系統 - 2026-03-02
策略分區：技術面 | 基本面 | 混合策略 | 特定主題
======================================================================
從台灣證交所載入休市日數據...
⚠️  載入台灣證交所數據失敗: Expecting value: line 1 column 1 (char 0)
使用備用休市日數據...
使用備用數據: 24 個休市日

[1/4] 執行四策略投資分析...
✅ Fubon API 初始化成功
📊 數據源：富邦證券 API (即時)
❌ 獲取 00655L 報價失敗: name '實際API呼叫邏輯' is not defined
❌ 獲取 00882 報價失敗: name '實際API呼叫邏輯' is not defined
❌ 獲取 00887 報價失敗: name '實際API呼叫邏輯' is not defined
🔮 Kronos AI 預測：00655L (國泰 A50 正 2)
   📊 使用富邦 API 真實數據...
   數據點數: 6 | 來源: fubon_api
⚠️  使用模擬預測模式
   信號：BUY
   置信度：95.0%
   短期：+3.83%

🔮 Kronos AI 預測：00882 (中信中國高股息)
   📊 使用富邦 API 真實數據...
   數據點數: 6 | 來源: fubon_api
⚠️  使用模擬預測模式
   信號：BUY
   置信度：95.0%
   短期：+3.81%

🔮 Kronos AI 預測：00887 (永豐中國科技 50 大)
   📊 使用富邦 API 真實數據...
   數據點數: 6 | 來源: fubon_api
⚠️  使用模擬預測模式
   信號：BUY
   置信度：95.0%
   短期：+3.83%


[2/4] 生成四策略 HTML 報告...
HTML報告已保存到: /home/admin/.openclaw/workspace/website/investment/four_strategy_report_2026-04-07.html

[3/4] 發送 Discord 通知...
Discord通知發送失敗: 404 - {"message": "Unknown Webhook", "code": 10015}

======================================================================
✅ 四策略投資分析完成！
   報告網址：http://aiothome.top/investment/four_strategy_report_2026-04-07.html
   生成時間：2026-04-07 08:30:04
   分析持倉：3支 ETF
   Kronos 預測：3個信號
   買入信號：0 | 賣出信號：0 | 持有信號：0
   Discord 通知：未發送 (請檢查配置)
======================================================================
四策略投資分析執行完成 - Tue Apr  7 08:30:04 AM CST 2026
