[2026-03-26 07:00:29] [INFO] ✅ 配置載入成功
[2026-03-26 07:00:30] [INFO] ✅ SDK 初始化成功 (版本：2.2.8)
[2026-03-26 07:00:30] [INFO] ======================================================================
[2026-03-26 07:00:30] [INFO] 執行登入...
[2026-03-26 07:00:30] [INFO] 用戶：H120193488
[2026-03-26 07:00:30] [INFO] 憑證：/home/admin/.env/H120193488.pfx
[2026-03-26 07:00:31] [INFO] ✅ 登入成功！
[2026-03-26 07:00:31] [INFO] 帳戶資訊：
[2026-03-26 07:00:31] [INFO]   帳戶 1：Account {
    name: "楊聖幟",
    branch_no: "20214",
    account: "408322",
    account_type: "stock",
}
[2026-03-26 07:00:31] [INFO] ✅ 行情連線初始化成功
[2026-03-26 07:01:49] [INFO] ✅ 配置載入成功
[2026-03-26 07:01:50] [INFO] ✅ SDK 初始化成功 (版本：2.2.8)
[2026-03-26 07:01:50] [INFO] ======================================================================
[2026-03-26 07:01:50] [INFO] 執行登入...
[2026-03-26 07:01:50] [INFO] 用戶：H120193488
[2026-03-26 07:01:50] [INFO] 憑證：/home/admin/.env/H120193488.pfx
[2026-03-26 07:01:51] [INFO] ✅ 登入成功！
[2026-03-26 07:01:51] [INFO] 帳戶資訊：
[2026-03-26 07:01:51] [INFO]   帳戶 1：Account {
    name: "楊聖幟",
    branch_no: "20214",
    account: "408322",
    account_type: "stock",
}
[2026-03-26 07:01:51] [INFO] ✅ 行情連線初始化成功
[2026-03-26 07:02:49] [INFO] ✅ 配置載入成功
[2026-03-26 07:02:49] [INFO] ✅ SDK 初始化成功 (版本：2.2.8)
[2026-03-26 07:02:49] [INFO] ======================================================================
[2026-03-26 07:02:49] [INFO] 執行登入...
[2026-03-26 07:02:49] [INFO] 用戶：H120193488
[2026-03-26 07:02:49] [INFO] 憑證：/home/admin/.env/H120193488.pfx
[2026-03-26 07:02:50] [INFO] ✅ 登入成功！
[2026-03-26 07:02:50] [INFO] 帳戶資訊：
[2026-03-26 07:02:50] [INFO]   帳戶 1：Account {
    name: "楊聖幟",
    branch_no: "20214",
    account: "408322",
    account_type: "stock",
}
[2026-03-26 07:02:50] [INFO] ✅ 行情連線初始化成功
[2026-03-26 08:49:37] [INFO] ✅ 配置載入成功
[2026-03-26 08:49:38] [INFO] ✅ SDK 初始化成功 (版本：2.2.8)
[2026-03-26 08:49:38] [INFO] ======================================================================
[2026-03-26 08:49:38] [INFO] 執行登入...
[2026-03-26 08:49:38] [INFO] 用戶：H120193488
[2026-03-26 08:49:38] [INFO] 憑證：/home/admin/.env/H120193488.pfx
[2026-03-26 08:49:39] [INFO] ✅ 登入成功！
[2026-03-26 08:49:39] [INFO] 帳戶資訊：
[2026-03-26 08:49:39] [INFO]   帳戶 1：Account {
    name: "楊聖幟",
    branch_no: "20214",
    account: "408322",
    account_type: "stock",
}
[2026-03-26 08:49:39] [INFO] ✅ 行情連線初始化成功
[2026-03-26 08:49:51] [INFO] ✅ 配置載入成功
[2026-03-26 08:49:52] [INFO] ✅ SDK 初始化成功 (版本：2.2.8)
[2026-03-26 08:49:52] [INFO] ======================================================================
[2026-03-26 08:49:52] [INFO] 執行登入...
[2026-03-26 08:49:52] [INFO] 用戶：H120193488
[2026-03-26 08:49:52] [INFO] 憑證：/home/admin/.env/H120193488.pfx
[2026-03-26 08:49:52] [INFO] ✅ 登入成功！
[2026-03-26 08:49:52] [INFO] 帳戶資訊：
[2026-03-26 08:49:52] [INFO]   帳戶 1：Account {
    name: "楊聖幟",
    branch_no: "20214",
    account: "408322",
    account_type: "stock",
}
[2026-03-26 08:49:52] [INFO] ✅ 行情連線初始化成功
