======================================================================
台股篩選策略 - 批量執行（修復版）
======================================================================
執行時間：2026-03-31 14:08:13
======================================================================

📡 初始化富邦證券數據源...
✅ 富邦證券登入成功
✅ 富邦證券登入成功

📋 獲取股票清單...
✅ 載入 795 檔有效股票代碼（已預檢）
✅ 獲取 795 檔股票

🔍 開始執行批量篩選...
總計：795 檔股票
  📊 載入 MOPS 營收數據...
  📋 CSV 欄位：['出表日期', '資料年月', '公司代號', '公司名稱', '產業別', '營業收入-當月營收', '營業收入-上月營收', '營業收入-去年當月營收', '營業收入-上月比較增減(%)', '營業收入-去年同月增減(%)']...
  ✅ 載入 1070 筆營收數據

[1/795] (0.1%) 處理 0050 0050...
  ❌ 都不符合

[2/795] (0.3%) 處理 0051 0051...
  ✅ 僅技術面符合

[3/795] (0.4%) 處理 0052 0052...
  ✅ 僅技術面符合

[4/795] (0.5%) 處理 0053 0053...
  ✅ 僅技術面符合

[5/795] (0.6%) 處理 0055 0055...
  ❌ 都不符合

[6/795] (0.8%) 處理 0056 0056...
  ❌ 都不符合

[7/795] (0.9%) 處理 0061 0061...
  ❌ 都不符合

[8/795] (1.0%) 處理 1101 1101...
  ❌ 都不符合

[9/795] (1.1%) 處理 1102 1102...
  ❌ 都不符合

[10/795] (1.3%) 處理 1103 1103...
  ❌ 都不符合

[11/795] (1.4%) 處理 1104 1104...
  ❌ 都不符合

[12/795] (1.5%) 處理 1108 1108...
  ❌ 都不符合

[13/795] (1.6%) 處理 1109 1109...
  ❌ 都不符合

[14/795] (1.8%) 處理 1110 1110...
  ❌ 都不符合

[15/795] (1.9%) 處理 1201 1201...
  ❌ 都不符合

[16/795] (2.0%) 處理 1203 1203...
  ❌ 都不符合

[17/795] (2.1%) 處理 1210 1210...
  ❌ 都不符合

[18/795] (2.3%) 處理 1213 1213...
  ❌ 都不符合

[19/795] (2.4%) 處理 1215 1215...
  ❌ 都不符合

[20/795] (2.5%) 處理 1216 1216...
  ❌ 都不符合

[21/795] (2.6%) 處理 1217 1217...
  ❌ 都不符合

[22/795] (2.8%) 處理 1218 1218...
  ❌ 都不符合

[23/795] (2.9%) 處理 1219 1219...
  ❌ 都不符合

[24/795] (3.0%) 處理 1220 1220...
  ❌ 都不符合

[25/795] (3.1%) 處理 1225 1225...
  ❌ 都不符合

[26/795] (3.3%) 處理 1227 1227...
  ❌ 都不符合

[27/795] (3.4%) 處理 1229 1229...
  ❌ 都不符合

[28/795] (3.5%) 處理 1231 1231...
  ❌ 都不符合

[29/795] (3.6%) 處理 1232 1232...
  ❌ 都不符合

[30/795] (3.8%) 處理 1233 1233...
  ❌ 都不符合

[31/795] (3.9%) 處理 1234 1234...
  ❌ 都不符合

[32/795] (4.0%) 處理 1235 1235...
  ✅ 僅技術面符合

[33/795] (4.2%) 處理 1236 1236...
  ❌ 都不符合

[34/795] (4.3%) 處理 1240 1240...
  ❌ 都不符合

[35/795] (4.4%) 處理 1256 1256...
  ❌ 都不符合

[36/795] (4.5%) 處理 1259 1259...
  ❌ 都不符合

[37/795] (4.7%) 處理 1264 1264...
  ❌ 都不符合

[38/795] (4.8%) 處理 1268 1268...
  ❌ 都不符合

[39/795] (4.9%) 處理 1294 1294...
  ❌ 都不符合

[40/795] (5.0%) 處理 1295 1295...
  ❌ 都不符合

[41/795] (5.2%) 處理 1301 1301...
  ✅ 僅技術面符合

[42/795] (5.3%) 處理 1303 1303...
  ❌ 都不符合

[43/795] (5.4%) 處理 1304 1304...
  ✅ 僅技術面符合

[44/795] (5.5%) 處理 1305 1305...
  ✅ 僅技術面符合

[45/795] (5.7%) 處理 1307 1307...
  ✅ 僅技術面符合

[46/795] (5.8%) 處理 1308 1308...
  ✅ 僅技術面符合

[47/795] (5.9%) 處理 1309 1309...
  ✅ 僅技術面符合

[48/795] (6.0%) 處理 1310 1310...
  ❌ 都不符合

[49/795] (6.2%) 處理 1312 1312...
  ✅ 僅技術面符合

[50/795] (6.3%) 處理 1313 1313...
  ❌ 都不符合

[51/795] (6.4%) 處理 1314 1314...
  ✅ 僅技術面符合

[52/795] (6.5%) 處理 1315 1315...
  ❌ 都不符合

[53/795] (6.7%) 處理 1316 1316...
  ❌ 都不符合

[54/795] (6.8%) 處理 1319 1319...
  ❌ 都不符合

[55/795] (6.9%) 處理 1321 1321...
  ❌ 都不符合

[56/795] (7.0%) 處理 1323 1323...
  ❌ 都不符合

[57/795] (7.2%) 處理 1324 1324...
  ❌ 都不符合

[58/795] (7.3%) 處理 1325 1325...
  ❌ 都不符合

[59/795] (7.4%) 處理 1326 1326...
  ✅ 僅技術面符合

[60/795] (7.5%) 處理 1336 1336...
  ❌ 都不符合

[61/795] (7.7%) 處理 1337 1337...
  ❌ 都不符合

[62/795] (7.8%) 處理 1338 1338...
  ❌ 都不符合

[63/795] (7.9%) 處理 1339 1339...
  ❌ 都不符合

[64/795] (8.1%) 處理 1340 1340...
  ❌ 都不符合

[65/795] (8.2%) 處理 1341 1341...
  ❌ 都不符合

[66/795] (8.3%) 處理 1342 1342...
  ❌ 都不符合

[67/795] (8.4%) 處理 1402 1402...
  ❌ 都不符合

[68/795] (8.6%) 處理 1409 1409...
  ❌ 都不符合

[69/795] (8.7%) 處理 1410 1410...
  ❌ 都不符合

[70/795] (8.8%) 處理 1413 1413...
  ❌ 都不符合

[71/795] (8.9%) 處理 1414 1414...
  ❌ 都不符合

[72/795] (9.1%) 處理 1416 1416...
  ❌ 都不符合

[73/795] (9.2%) 處理 1417 1417...
  ❌ 都不符合

[74/795] (9.3%) 處理 1418 1418...
  ❌ 都不符合

[75/795] (9.4%) 處理 1419 1419...
  ❌ 都不符合

[76/795] (9.6%) 處理 1423 1423...
  ❌ 都不符合

[77/795] (9.7%) 處理 1432 1432...
  ❌ 都不符合

[78/795] (9.8%) 處理 1434 1434...
  ❌ 都不符合

[79/795] (9.9%) 處理 1435 1435...
  ❌ 都不符合

[80/795] (10.1%) 處理 1436 1436...
  ❌ 都不符合

[81/795] (10.2%) 處理 1437 1437...
  ✅ 僅技術面符合

[82/795] (10.3%) 處理 1438 1438...
  ✅ 僅技術面符合

[83/795] (10.4%) 處理 1439 1439...
  ❌ 都不符合

[84/795] (10.6%) 處理 1440 1440...
  ❌ 都不符合

[85/795] (10.7%) 處理 1441 1441...
  ❌ 都不符合

[86/795] (10.8%) 處理 1442 1442...
  ❌ 都不符合

[87/795] (10.9%) 處理 1443 1443...
  ❌ 都不符合

[88/795] (11.1%) 處理 1444 1444...
  ❌ 都不符合

[89/795] (11.2%) 處理 1445 1445...
  ❌ 都不符合

[90/795] (11.3%) 處理 1446 1446...
  ❌ 都不符合

[91/795] (11.4%) 處理 1447 1447...
  ✅ 僅技術面符合

[92/795] (11.6%) 處理 1449 1449...
  ❌ 都不符合

[93/795] (11.7%) 處理 1451 1451...
  ❌ 都不符合

[94/795] (11.8%) 處理 1452 1452...
  ❌ 都不符合

[95/795] (11.9%) 處理 1453 1453...
  ❌ 都不符合

[96/795] (12.1%) 處理 1454 1454...
  ❌ 都不符合

[97/795] (12.2%) 處理 1455 1455...
  ❌ 都不符合

[98/795] (12.3%) 處理 1456 1456...
  ❌ 都不符合

[99/795] (12.5%) 處理 1457 1457...
  ❌ 都不符合

[100/795] (12.6%) 處理 1459 1459...
  ✅ 僅技術面符合

[101/795] (12.7%) 處理 1460 1460...
  ❌ 都不符合

[102/795] (12.8%) 處理 1463 1463...
  ❌ 都不符合

[103/795] (13.0%) 處理 1464 1464...
  ❌ 都不符合

[104/795] (13.1%) 處理 1465 1465...
  ❌ 都不符合

[105/795] (13.2%) 處理 1466 1466...
  ❌ 都不符合

[106/795] (13.3%) 處理 1467 1467...
  ❌ 都不符合

[107/795] (13.5%) 處理 1468 1468...
  ❌ 都不符合

[108/795] (13.6%) 處理 1470 1470...
  ❌ 都不符合

[109/795] (13.7%) 處理 1471 1471...
  ❌ 都不符合

[110/795] (13.8%) 處理 1472 1472...
  ❌ 都不符合

[111/795] (14.0%) 處理 1473 1473...
  ❌ 都不符合

[112/795] (14.1%) 處理 1474 1474...
  ❌ 都不符合

[113/795] (14.2%) 處理 1475 1475...
  ❌ 都不符合

[114/795] (14.3%) 處理 1476 1476...
  ❌ 都不符合

[115/795] (14.5%) 處理 1477 1477...
  ❌ 都不符合

[116/795] (14.6%) 處理 1503 1503...
  ✅ 僅技術面符合

[117/795] (14.7%) 處理 1504 1504...
  ❌ 都不符合

[118/795] (14.8%) 處理 1506 1506...
  ❌ 都不符合

[119/795] (15.0%) 處理 1512 1512...
  ❌ 都不符合

[120/795] (15.1%) 處理 1513 1513...
  ❌ 都不符合

[121/795] (15.2%) 處理 1514 1514...
  ❌ 都不符合

[122/795] (15.3%) 處理 1515 1515...
  ❌ 都不符合

[123/795] (15.5%) 處理 1516 1516...
  ✅ 僅技術面符合

[124/795] (15.6%) 處理 1517 1517...
  ✅ 僅技術面符合

[125/795] (15.7%) 處理 1519 1519...
  ❌ 都不符合

[126/795] (15.8%) 處理 1521 1521...
  ❌ 都不符合

[127/795] (16.0%) 處理 1522 1522...
  ❌ 都不符合

[128/795] (16.1%) 處理 1524 1524...
  ❌ 都不符合

[129/795] (16.2%) 處理 1525 1525...
  ❌ 都不符合

[130/795] (16.4%) 處理 1526 1526...
  ❌ 都不符合

[131/795] (16.5%) 處理 1527 1527...
  ❌ 都不符合

[132/795] (16.6%) 處理 1528 1528...
  ❌ 都不符合

[133/795] (16.7%) 處理 1529 1529...
  ✅ 僅技術面符合

[134/795] (16.9%) 處理 1530 1530...
  ❌ 都不符合

[135/795] (17.0%) 處理 1531 1531...
  ❌ 都不符合

[136/795] (17.1%) 處理 1532 1532...
  ❌ 都不符合

[137/795] (17.2%) 處理 1533 1533...
  ❌ 都不符合

[138/795] (17.4%) 處理 1535 1535...
  ❌ 都不符合

[139/795] (17.5%) 處理 1536 1536...
  ❌ 都不符合

[140/795] (17.6%) 處理 1537 1537...
  ❌ 都不符合

[141/795] (17.7%) 處理 1538 1538...
  ❌ 都不符合

[142/795] (17.9%) 處理 1539 1539...
  ❌ 都不符合

[143/795] (18.0%) 處理 1540 1540...
  ❌ 都不符合

[144/795] (18.1%) 處理 1541 1541...
  ❌ 都不符合

[145/795] (18.2%) 處理 1558 1558...
  ❌ 都不符合

[146/795] (18.4%) 處理 1560 1560...
  ❌ 都不符合

[147/795] (18.5%) 處理 1563 1563...
  ❌ 都不符合

[148/795] (18.6%) 處理 1565 1565...
  ❌ 都不符合

[149/795] (18.7%) 處理 1568 1568...
  ❌ 都不符合

[150/795] (18.9%) 處理 1569 1569...
  ❌ 都不符合

[151/795] (19.0%) 處理 1570 1570...
  ❌ 都不符合

[152/795] (19.1%) 處理 1580 1580...
  ❌ 都不符合

[153/795] (19.2%) 處理 1582 1582...
  ❌ 都不符合

[154/795] (19.4%) 處理 1583 1583...
  ❌ 都不符合

[155/795] (19.5%) 處理 1584 1584...
  ❌ 都不符合

[156/795] (19.6%) 處理 1586 1586...
  ❌ 都不符合

[157/795] (19.7%) 處理 1587 1587...
  ❌ 都不符合

[158/795] (19.9%) 處理 1589 1589...
  ❌ 都不符合

[159/795] (20.0%) 處理 1590 1590...
  ❌ 都不符合

[160/795] (20.1%) 處理 1591 1591...
  ❌ 都不符合

[161/795] (20.3%) 處理 1593 1593...
  ✅ 僅技術面符合

[162/795] (20.4%) 處理 1595 1595...
  ❌ 都不符合

[163/795] (20.5%) 處理 1597 1597...
  ❌ 都不符合

[164/795] (20.6%) 處理 1598 1598...
  ❌ 都不符合

[165/795] (20.8%) 處理 1599 1599...
  ✅ 僅技術面符合

[166/795] (20.9%) 處理 1603 1603...
  ❌ 都不符合

[167/795] (21.0%) 處理 1604 1604...
  ❌ 都不符合

[168/795] (21.1%) 處理 1605 1605...
  ❌ 都不符合

[169/795] (21.3%) 處理 1608 1608...
  ❌ 都不符合

[170/795] (21.4%) 處理 1609 1609...
  ❌ 都不符合

[171/795] (21.5%) 處理 1611 1611...
  ❌ 都不符合

[172/795] (21.6%) 處理 1612 1612...
  ❌ 都不符合

[173/795] (21.8%) 處理 1614 1614...
  ❌ 都不符合

[174/795] (21.9%) 處理 1615 1615...
  ❌ 都不符合

[175/795] (22.0%) 處理 1616 1616...
  ❌ 都不符合

[176/795] (22.1%) 處理 1617 1617...
  ❌ 都不符合

[177/795] (22.3%) 處理 1618 1618...
  ❌ 都不符合

[178/795] (22.4%) 處理 1623 1623...
  ❌ 都不符合

[179/795] (22.5%) 處理 1626 1626...
  ❌ 都不符合

[180/795] (22.6%) 處理 1702 1702...
  ❌ 都不符合

[181/795] (22.8%) 處理 1707 1707...
  ❌ 都不符合

[182/795] (22.9%) 處理 1708 1708...
  ❌ 都不符合

[183/795] (23.0%) 處理 1709 1709...
  ❌ 都不符合

[184/795] (23.1%) 處理 1710 1710...
  ✅ 僅技術面符合

[185/795] (23.3%) 處理 1711 1711...
  ❌ 都不符合

[186/795] (23.4%) 處理 1712 1712...
  ❌ 都不符合

[187/795] (23.5%) 處理 1713 1713...
  ❌ 都不符合

[188/795] (23.6%) 處理 1714 1714...
  ❌ 都不符合

[189/795] (23.8%) 處理 1717 1717...
  ✅ 僅技術面符合

[190/795] (23.9%) 處理 1718 1718...
  ✅ 僅技術面符合

[191/795] (24.0%) 處理 1720 1720...
  ❌ 都不符合

[192/795] (24.2%) 處理 1721 1721...
  ❌ 都不符合

[193/795] (24.3%) 處理 1722 1722...
  ✅ 僅技術面符合

[194/795] (24.4%) 處理 1723 1723...
  ❌ 都不符合

[195/795] (24.5%) 處理 1725 1725...
  ❌ 都不符合

[196/795] (24.7%) 處理 1726 1726...
  ❌ 都不符合

[197/795] (24.8%) 處理 1727 1727...
  ✅ 僅技術面符合

[198/795] (24.9%) 處理 1730 1730...
  ❌ 都不符合

[199/795] (25.0%) 處理 1731 1731...
  ❌ 都不符合

[200/795] (25.2%) 處理 1732 1732...
  ❌ 都不符合

[201/795] (25.3%) 處理 1733 1733...
  ❌ 都不符合

[202/795] (25.4%) 處理 1734 1734...
  ❌ 都不符合

[203/795] (25.5%) 處理 1735 1735...
  ❌ 都不符合

[204/795] (25.7%) 處理 1736 1736...
  ❌ 都不符合

[205/795] (25.8%) 處理 1737 1737...
  ❌ 都不符合

[206/795] (25.9%) 處理 1742 1742...
  ❌ 都不符合

[207/795] (26.0%) 處理 1752 1752...
  ❌ 都不符合

[208/795] (26.2%) 處理 1760 1760...
  ❌ 都不符合

[209/795] (26.3%) 處理 1762 1762...
  ❌ 都不符合

[210/795] (26.4%) 處理 1773 1773...
  ✅ 僅技術面符合

[211/795] (26.5%) 處理 1776 1776...
  ❌ 都不符合

[212/795] (26.7%) 處理 1777 1777...
  ❌ 都不符合

[213/795] (26.8%) 處理 1781 1781...
  ❌ 都不符合

[214/795] (26.9%) 處理 1783 1783...
  ❌ 都不符合

[215/795] (27.0%) 處理 1784 1784...
  ✅ 僅技術面符合

[216/795] (27.2%) 處理 1785 1785...
  ❌ 都不符合

[217/795] (27.3%) 處理 1786 1786...
  ❌ 都不符合

[218/795] (27.4%) 處理 1788 1788...
  ❌ 都不符合

[219/795] (27.5%) 處理 1789 1789...
  ❌ 都不符合

[220/795] (27.7%) 處理 1795 1795...
  ❌ 都不符合

[221/795] (27.8%) 處理 1796 1796...
  ❌ 都不符合

[222/795] (27.9%) 處理 1799 1799...
  ❌ 都不符合

[223/795] (28.1%) 處理 1802 1802...
  ❌ 都不符合

[224/795] (28.2%) 處理 1805 1805...
  ❌ 都不符合

[225/795] (28.3%) 處理 1806 1806...
  ❌ 都不符合

[226/795] (28.4%) 處理 1808 1808...
  ❌ 都不符合

[227/795] (28.6%) 處理 1809 1809...
  ✅ 僅技術面符合

[228/795] (28.7%) 處理 1810 1810...
  ❌ 都不符合

[229/795] (28.8%) 處理 1813 1813...
  ❌ 都不符合

[230/795] (28.9%) 處理 1815 1815...
  ❌ 都不符合

[231/795] (29.1%) 處理 1817 1817...
  ❌ 都不符合

[232/795] (29.2%) 處理 1903 1903...
  ❌ 都不符合

[233/795] (29.3%) 處理 1904 1904...
  ❌ 都不符合

[234/795] (29.4%) 處理 1905 1905...
  ✅ 僅技術面符合

[235/795] (29.6%) 處理 1906 1906...
  ✅ 僅技術面符合

[236/795] (29.7%) 處理 1907 1907...
  ❌ 都不符合

[237/795] (29.8%) 處理 1909 1909...
  ✅ 僅技術面符合

[238/795] (29.9%) 處理 2002 2002...
  ❌ 都不符合

[239/795] (30.1%) 處理 2006 2006...
  ❌ 都不符合

[240/795] (30.2%) 處理 2007 2007...
  📊 K 線 + 量符合！

[241/795] (30.3%) 處理 2008 2008...
  📊 K 線 + 量符合！

[242/795] (30.4%) 處理 2009 2009...
  ❌ 都不符合

[243/795] (30.6%) 處理 2010 2010...
  ❌ 都不符合

[244/795] (30.7%) 處理 2012 2012...
  ❌ 都不符合

[245/795] (30.8%) 處理 2013 2013...
  ✅ 僅技術面符合

[246/795] (30.9%) 處理 2014 2014...
  ❌ 都不符合

[247/795] (31.1%) 處理 2015 2015...
  ❌ 都不符合

[248/795] (31.2%) 處理 2017 2017...
  ✅ 僅技術面符合

[249/795] (31.3%) 處理 2020 2020...
  ❌ 都不符合

[250/795] (31.4%) 處理 2022 2022...
  ❌ 都不符合

[251/795] (31.6%) 處理 2023 2023...
  ❌ 都不符合

[252/795] (31.7%) 處理 2024 2024...
  ❌ 都不符合

[253/795] (31.8%) 處理 2025 2025...
  ❌ 都不符合

[254/795] (31.9%) 處理 2027 2027...
  ❌ 都不符合

[255/795] (32.1%) 處理 2028 2028...
  ❌ 都不符合

[256/795] (32.2%) 處理 2029 2029...
  ✅ 僅技術面符合

[257/795] (32.3%) 處理 2030 2030...
  ❌ 都不符合

[258/795] (32.5%) 處理 2031 2031...
  ❌ 都不符合

[259/795] (32.6%) 處理 2032 2032...
  ❌ 都不符合

[260/795] (32.7%) 處理 2033 2033...
  ✅ 僅技術面符合

[261/795] (32.8%) 處理 2034 2034...
  ❌ 都不符合

[262/795] (33.0%) 處理 2035 2035...
  ❌ 都不符合

[263/795] (33.1%) 處理 2038 2038...
  ❌ 都不符合

[264/795] (33.2%) 處理 2049 2049...
  ✅ 僅技術面符合

[265/795] (33.3%) 處理 2059 2059...
  ✅ 僅技術面符合

[266/795] (33.5%) 處理 2061 2061...
  ❌ 都不符合

[267/795] (33.6%) 處理 2062 2062...
  ❌ 都不符合

[268/795] (33.7%) 處理 2063 2063...
  ❌ 都不符合

[269/795] (33.8%) 處理 2064 2064...
  ❌ 都不符合

[270/795] (34.0%) 處理 2065 2065...
  ❌ 都不符合

[271/795] (34.1%) 處理 2066 2066...
  ❌ 都不符合

[272/795] (34.2%) 處理 2067 2067...
  ❌ 都不符合

[273/795] (34.3%) 處理 2069 2069...
  ❌ 都不符合

[274/795] (34.5%) 處理 2070 2070...
  ❌ 都不符合

[275/795] (34.6%) 處理 2073 2073...
  ✅ 僅技術面符合

[276/795] (34.7%) 處理 2101 2101...
  ❌ 都不符合

[277/795] (34.8%) 處理 2102 2102...
  ❌ 都不符合

[278/795] (35.0%) 處理 2103 2103...
  ❌ 都不符合

[279/795] (35.1%) 處理 2104 2104...
  ✅ 僅技術面符合

[280/795] (35.2%) 處理 2105 2105...
  ❌ 都不符合

[281/795] (35.3%) 處理 2106 2106...
  ✅ 僅技術面符合

[282/795] (35.5%) 處理 2107 2107...
  ❌ 都不符合

[283/795] (35.6%) 處理 2108 2108...
  ❌ 都不符合

[284/795] (35.7%) 處理 2109 2109...
  ❌ 都不符合

[285/795] (35.8%) 處理 2114 2114...
  ❌ 都不符合

[286/795] (36.0%) 處理 2115 2115...
  ❌ 都不符合

[287/795] (36.1%) 處理 2201 2201...
  ❌ 都不符合

[288/795] (36.2%) 處理 2204 2204...
  ❌ 都不符合

[289/795] (36.4%) 處理 2206 2206...
  ❌ 都不符合

[290/795] (36.5%) 處理 2207 2207...
  ✅ 僅技術面符合

[291/795] (36.6%) 處理 2208 2208...
  ❌ 都不符合

[292/795] (36.7%) 處理 2211 2211...
  ❌ 都不符合

[293/795] (36.9%) 處理 2221 2221...
  ✅ 僅技術面符合

[294/795] (37.0%) 處理 2227 2227...
  ❌ 都不符合

[295/795] (37.1%) 處理 2228 2228...
  ❌ 都不符合

[296/795] (37.2%) 處理 2230 2230...
  ❌ 都不符合

[297/795] (37.4%) 處理 2231 2231...
  ❌ 都不符合

[298/795] (37.5%) 處理 2233 2233...
  ❌ 都不符合

[299/795] (37.6%) 處理 2235 2235...
  ❌ 都不符合

[300/795] (37.7%) 處理 2236 2236...
  ❌ 都不符合

[301/795] (37.9%) 處理 2239 2239...
  ❌ 都不符合

[302/795] (38.0%) 處理 2241 2241...
  ❌ 都不符合

[303/795] (38.1%) 處理 2243 2243...
  ❌ 都不符合

[304/795] (38.2%) 處理 2247 2247...
  ❌ 都不符合

[305/795] (38.4%) 處理 2248 2248...
  ❌ 都不符合

[306/795] (38.5%) 處理 2250 2250...
  ❌ 都不符合

[307/795] (38.6%) 處理 2254 2254...
  ❌ 都不符合

[308/795] (38.7%) 處理 2258 2258...
  ❌ 都不符合

[309/795] (38.9%) 處理 2301 2301...
  ❌ 都不符合

[310/795] (39.0%) 處理 2302 2302...
  ❌ 都不符合

[311/795] (39.1%) 處理 2303 2303...
  ✅ 僅技術面符合

[312/795] (39.2%) 處理 2305 2305...
  ❌ 都不符合

[313/795] (39.4%) 處理 2308 2308...
  ❌ 都不符合

[314/795] (39.5%) 處理 2312 2312...
  ❌ 都不符合

[315/795] (39.6%) 處理 2313 2313...
  ❌ 都不符合

[316/795] (39.7%) 處理 2314 2314...
  ❌ 都不符合

[317/795] (39.9%) 處理 2316 2316...
  ❌ 都不符合

[318/795] (40.0%) 處理 2317 2317...
  ✅ 僅技術面符合

[319/795] (40.1%) 處理 2321 2321...
  ❌ 都不符合

[320/795] (40.3%) 處理 2323 2323...
  ❌ 都不符合

[321/795] (40.4%) 處理 2324 2324...
  ❌ 都不符合

[322/795] (40.5%) 處理 2327 2327...
  ✅ 僅技術面符合

[323/795] (40.6%) 處理 2328 2328...
  ❌ 都不符合

[324/795] (40.8%) 處理 2329 2329...
  ✅ 僅技術面符合

[325/795] (40.9%) 處理 2330 2330...
  ❌ 都不符合

[326/795] (41.0%) 處理 2331 2331...
  ❌ 都不符合

[327/795] (41.1%) 處理 2332 2332...
  ❌ 都不符合

[328/795] (41.3%) 處理 2337 2337...
  ❌ 都不符合

[329/795] (41.4%) 處理 2338 2338...
  ❌ 都不符合

[330/795] (41.5%) 處理 2340 2340...
  ✅ 僅技術面符合

[331/795] (41.6%) 處理 2342 2342...
  ❌ 都不符合

[332/795] (41.8%) 處理 2344 2344...
  ✅ 僅技術面符合

[333/795] (41.9%) 處理 2345 2345...
  ❌ 都不符合

[334/795] (42.0%) 處理 2347 2347...
  ❌ 都不符合

[335/795] (42.1%) 處理 2348 2348...
  ❌ 都不符合

[336/795] (42.3%) 處理 2349 2349...
  ❌ 都不符合

[337/795] (42.4%) 處理 2351 2351...
  ❌ 都不符合

[338/795] (42.5%) 處理 2352 2352...
  ❌ 都不符合

[339/795] (42.6%) 處理 2353 2353...
  ❌ 都不符合

[340/795] (42.8%) 處理 2354 2354...
  ❌ 都不符合

[341/795] (42.9%) 處理 2355 2355...
  ❌ 都不符合

[342/795] (43.0%) 處理 2356 2356...
  ❌ 都不符合

[343/795] (43.1%) 處理 2357 2357...
  ❌ 都不符合

[344/795] (43.3%) 處理 2359 2359...
  ❌ 都不符合

[345/795] (43.4%) 處理 2360 2360...
  ❌ 都不符合

[346/795] (43.5%) 處理 2362 2362...
  ❌ 都不符合

[347/795] (43.6%) 處理 2363 2363...
  ❌ 都不符合

[348/795] (43.8%) 處理 2364 2364...
  ❌ 都不符合

[349/795] (43.9%) 處理 2365 2365...
  ❌ 都不符合

[350/795] (44.0%) 處理 2367 2367...
  ❌ 都不符合

[351/795] (44.2%) 處理 2368 2368...
  ❌ 都不符合

[352/795] (44.3%) 處理 2369 2369...
  ✅ 僅技術面符合

[353/795] (44.4%) 處理 2371 2371...
  ❌ 都不符合

[354/795] (44.5%) 處理 2373 2373...
  ❌ 都不符合

[355/795] (44.7%) 處理 2374 2374...
  ❌ 都不符合

[356/795] (44.8%) 處理 2375 2375...
  ✅ 僅技術面符合

[357/795] (44.9%) 處理 2376 2376...
  ❌ 都不符合

[358/795] (45.0%) 處理 2377 2377...
  ❌ 都不符合

[359/795] (45.2%) 處理 2379 2379...
  ❌ 都不符合

[360/795] (45.3%) 處理 2380 2380...
  ❌ 都不符合

[361/795] (45.4%) 處理 2382 2382...
  ✅ 僅技術面符合

[362/795] (45.5%) 處理 2383 2383...
  ❌ 都不符合

[363/795] (45.7%) 處理 2385 2385...
  ❌ 都不符合

[364/795] (45.8%) 處理 2387 2387...
  ❌ 都不符合

[365/795] (45.9%) 處理 2388 2388...
  ❌ 都不符合

[366/795] (46.0%) 處理 2390 2390...
  ❌ 都不符合

[367/795] (46.2%) 處理 2392 2392...
  ❌ 都不符合

[368/795] (46.3%) 處理 2393 2393...
  ❌ 都不符合

[369/795] (46.4%) 處理 2395 2395...
  ❌ 都不符合

[370/795] (46.5%) 處理 2397 2397...
  ❌ 都不符合

[371/795] (46.7%) 處理 2399 2399...
  ✅ 僅技術面符合

[372/795] (46.8%) 處理 2401 2401...
  ✅ 僅技術面符合

[373/795] (46.9%) 處理 2402 2402...
  ✅ 僅技術面符合

[374/795] (47.0%) 處理 2404 2404...
  ❌ 都不符合

[375/795] (47.2%) 處理 2405 2405...
  ❌ 都不符合

[376/795] (47.3%) 處理 2406 2406...
  ❌ 都不符合

[377/795] (47.4%) 處理 2408 2408...
  ❌ 都不符合

[378/795] (47.5%) 處理 2409 2409...
  ❌ 都不符合

[379/795] (47.7%) 處理 2412 2412...
  ❌ 都不符合

[380/795] (47.8%) 處理 2413 2413...
  ❌ 都不符合

[381/795] (47.9%) 處理 2414 2414...
  ❌ 都不符合

[382/795] (48.1%) 處理 2415 2415...
  ❌ 都不符合

[383/795] (48.2%) 處理 2417 2417...
  ❌ 都不符合

[384/795] (48.3%) 處理 2419 2419...
  ❌ 都不符合

[385/795] (48.4%) 處理 2420 2420...
  ❌ 都不符合

[386/795] (48.6%) 處理 2421 2421...
  ❌ 都不符合

[387/795] (48.7%) 處理 2423 2423...
  ❌ 都不符合

[388/795] (48.8%) 處理 2424 2424...
  ❌ 都不符合

[389/795] (48.9%) 處理 2425 2425...
  ❌ 都不符合

[390/795] (49.1%) 處理 2426 2426...
  ❌ 都不符合

[391/795] (49.2%) 處理 2427 2427...
  ❌ 都不符合

[392/795] (49.3%) 處理 2428 2428...
  ❌ 都不符合

[393/795] (49.4%) 處理 2429 2429...
  ❌ 都不符合

[394/795] (49.6%) 處理 2430 2430...
  ❌ 都不符合

[395/795] (49.7%) 處理 2431 2431...
  ❌ 都不符合

[396/795] (49.8%) 處理 2432 2432...
  ❌ 都不符合

[397/795] (49.9%) 處理 2433 2433...
  ❌ 都不符合

[398/795] (50.1%) 處理 2434 2434...
  ❌ 都不符合

[399/795] (50.2%) 處理 2436 2436...
  ❌ 都不符合

[400/795] (50.3%) 處理 2438 2438...
  ❌ 都不符合

[401/795] (50.4%) 處理 2439 2439...
  ❌ 都不符合

[402/795] (50.6%) 處理 2440 2440...
  ✅ 僅技術面符合

[403/795] (50.7%) 處理 2441 2441...
  ✅ 僅技術面符合

[404/795] (50.8%) 處理 2442 2442...
  ❌ 都不符合

[405/795] (50.9%) 處理 2444 2444...
  ❌ 都不符合

[406/795] (51.1%) 處理 2449 2449...
  ❌ 都不符合

[407/795] (51.2%) 處理 2450 2450...
  ❌ 都不符合

[408/795] (51.3%) 處理 2451 2451...
  ❌ 都不符合

[409/795] (51.4%) 處理 2453 2453...
  ❌ 都不符合

[410/795] (51.6%) 處理 2454 2454...
  ❌ 都不符合

[411/795] (51.7%) 處理 2455 2455...
  ❌ 都不符合

[412/795] (51.8%) 處理 2457 2457...
  ❌ 都不符合

[413/795] (51.9%) 處理 2458 2458...
  ❌ 都不符合

[414/795] (52.1%) 處理 2459 2459...
  ❌ 都不符合

[415/795] (52.2%) 處理 2460 2460...
  ❌ 都不符合

[416/795] (52.3%) 處理 2461 2461...
  ❌ 都不符合

[417/795] (52.5%) 處理 2462 2462...
  ❌ 都不符合

[418/795] (52.6%) 處理 2464 2464...
  ❌ 都不符合

[419/795] (52.7%) 處理 2465 2465...
  ❌ 都不符合

[420/795] (52.8%) 處理 2466 2466...
  ❌ 都不符合

[421/795] (53.0%) 處理 2467 2467...
  ❌ 都不符合

[422/795] (53.1%) 處理 2468 2468...
  ❌ 都不符合

[423/795] (53.2%) 處理 2471 2471...
  ❌ 都不符合

[424/795] (53.3%) 處理 2472 2472...
  ✅ 僅技術面符合

[425/795] (53.5%) 處理 2474 2474...
  ❌ 都不符合

[426/795] (53.6%) 處理 2476 2476...
  ❌ 都不符合

[427/795] (53.7%) 處理 2477 2477...
  ❌ 都不符合

[428/795] (53.8%) 處理 2478 2478...
  ✅ 僅技術面符合

[429/795] (54.0%) 處理 2480 2480...
  ❌ 都不符合

[430/795] (54.1%) 處理 2481 2481...
  ✅ 僅技術面符合

[431/795] (54.2%) 處理 2482 2482...
  ❌ 都不符合

[432/795] (54.3%) 處理 2483 2483...
  ✅ 僅技術面符合

[433/795] (54.5%) 處理 2484 2484...
  ✅ 僅技術面符合

[434/795] (54.6%) 處理 2485 2485...
  ❌ 都不符合

[435/795] (54.7%) 處理 2486 2486...
  ❌ 都不符合

[436/795] (54.8%) 處理 2488 2488...
  ❌ 都不符合

[437/795] (55.0%) 處理 2489 2489...
  ❌ 都不符合

[438/795] (55.1%) 處理 2491 2491...
  ❌ 都不符合

[439/795] (55.2%) 處理 2492 2492...
  ❌ 都不符合

[440/795] (55.3%) 處理 2493 2493...
  ❌ 都不符合

[441/795] (55.5%) 處理 2495 2495...
  ❌ 都不符合

[442/795] (55.6%) 處理 2496 2496...
  ❌ 都不符合

[443/795] (55.7%) 處理 2497 2497...
  ❌ 都不符合

[444/795] (55.8%) 處理 2498 2498...
  ❌ 都不符合

[445/795] (56.0%) 處理 2801 2801...
  ❌ 都不符合

[446/795] (56.1%) 處理 2812 2812...
  ❌ 都不符合

[447/795] (56.2%) 處理 2816 2816...
  ✅ 僅技術面符合

[448/795] (56.4%) 處理 2820 2820...
  ❌ 都不符合

[449/795] (56.5%) 處理 2832 2832...
  ❌ 都不符合

[450/795] (56.6%) 處理 2834 2834...
  ❌ 都不符合

[451/795] (56.7%) 處理 2836 2836...
  ❌ 都不符合

[452/795] (56.9%) 處理 2838 2838...
  ❌ 都不符合

[453/795] (57.0%) 處理 2845 2845...
  ❌ 都不符合

[454/795] (57.1%) 處理 2849 2849...
  ❌ 都不符合

[455/795] (57.2%) 處理 2850 2850...
  ❌ 都不符合

[456/795] (57.4%) 處理 2851 2851...
  ❌ 都不符合

[457/795] (57.5%) 處理 2852 2852...
  ❌ 都不符合

[458/795] (57.6%) 處理 2855 2855...
  ✅ 僅技術面符合

[459/795] (57.7%) 處理 2867 2867...
  ❌ 都不符合

[460/795] (57.9%) 處理 2880 2880...
  ❌ 都不符合

[461/795] (58.0%) 處理 2881 2881...
  ❌ 都不符合

[462/795] (58.1%) 處理 2882 2882...
  ❌ 都不符合

[463/795] (58.2%) 處理 2883 2883...
  ❌ 都不符合

[464/795] (58.4%) 處理 2884 2884...
  ❌ 都不符合

[465/795] (58.5%) 處理 2885 2885...
  ❌ 都不符合

[466/795] (58.6%) 處理 2886 2886...
  ❌ 都不符合

[467/795] (58.7%) 處理 2887 2887...
  ❌ 都不符合

[468/795] (58.9%) 處理 2889 2889...
  ❌ 都不符合

[469/795] (59.0%) 處理 2890 2890...
  ❌ 都不符合

[470/795] (59.1%) 處理 2891 2891...
  ❌ 都不符合

[471/795] (59.2%) 處理 2892 2892...
  ❌ 都不符合

[472/795] (59.4%) 處理 2897 2897...
  ❌ 都不符合

[473/795] (59.5%) 處理 3002 3002...
  ❌ 都不符合

[474/795] (59.6%) 處理 3003 3003...
  ✅ 僅技術面符合

[475/795] (59.7%) 處理 3004 3004...
  ❌ 都不符合

[476/795] (59.9%) 處理 3005 3005...
  ✅ 僅技術面符合

[477/795] (60.0%) 處理 3006 3006...
  ❌ 都不符合

[478/795] (60.1%) 處理 3008 3008...
  📊 K 線 + 量符合！

[479/795] (60.3%) 處理 3010 3010...
  ❌ 都不符合

[480/795] (60.4%) 處理 3011 3011...
  ❌ 都不符合

[481/795] (60.5%) 處理 3013 3013...
  ❌ 都不符合

[482/795] (60.6%) 處理 3014 3014...
  ❌ 都不符合

[483/795] (60.8%) 處理 3015 3015...
  ❌ 都不符合

[484/795] (60.9%) 處理 3016 3016...
  ❌ 都不符合

[485/795] (61.0%) 處理 3017 3017...
  ❌ 都不符合

[486/795] (61.1%) 處理 3018 3018...
  ❌ 都不符合

[487/795] (61.3%) 處理 3019 3019...
  ❌ 都不符合

[488/795] (61.4%) 處理 3021 3021...
  ❌ 都不符合

[489/795] (61.5%) 處理 3022 3022...
  ❌ 都不符合

[490/795] (61.6%) 處理 3023 3023...
  📊 K 線 + 量符合！

[491/795] (61.8%) 處理 3024 3024...
  ❌ 都不符合

[492/795] (61.9%) 處理 3025 3025...
  ❌ 都不符合

[493/795] (62.0%) 處理 3026 3026...
  ✅ 僅技術面符合

[494/795] (62.1%) 處理 3027 3027...
  ❌ 都不符合

[495/795] (62.3%) 處理 3028 3028...
  ❌ 都不符合

[496/795] (62.4%) 處理 3029 3029...
  ❌ 都不符合

[497/795] (62.5%) 處理 3030 3030...
  ❌ 都不符合

[498/795] (62.6%) 處理 3031 3031...
  ❌ 都不符合

[499/795] (62.8%) 處理 3032 3032...
  ❌ 都不符合

[500/795] (62.9%) 處理 3033 3033...
  ❌ 都不符合

[501/795] (63.0%) 處理 3034 3034...
  ❌ 都不符合

[502/795] (63.1%) 處理 3035 3035...
  ✅ 僅技術面符合

[503/795] (63.3%) 處理 3036 3036...
  ❌ 都不符合

[504/795] (63.4%) 處理 3037 3037...
  ❌ 都不符合

[505/795] (63.5%) 處理 3038 3038...
  ❌ 都不符合

[506/795] (63.6%) 處理 3040 3040...
  ❌ 都不符合

[507/795] (63.8%) 處理 3041 3041...
  ❌ 都不符合

[508/795] (63.9%) 處理 3042 3042...
  ❌ 都不符合

[509/795] (64.0%) 處理 3043 3043...
  ❌ 都不符合

[510/795] (64.2%) 處理 3044 3044...
  ❌ 都不符合

[511/795] (64.3%) 處理 3045 3045...
  ❌ 都不符合

[512/795] (64.4%) 處理 3046 3046...
  ❌ 都不符合

[513/795] (64.5%) 處理 3047 3047...
  ❌ 都不符合

[514/795] (64.7%) 處理 3048 3048...
  ❌ 都不符合

[515/795] (64.8%) 處理 3049 3049...
  ❌ 都不符合

[516/795] (64.9%) 處理 3050 3050...
  ❌ 都不符合

[517/795] (65.0%) 處理 3051 3051...
  ❌ 都不符合

[518/795] (65.2%) 處理 3052 3052...
  ❌ 都不符合

[519/795] (65.3%) 處理 3054 3054...
  ❌ 都不符合

[520/795] (65.4%) 處理 3055 3055...
  ❌ 都不符合

[521/795] (65.5%) 處理 3056 3056...
  ❌ 都不符合

[522/795] (65.7%) 處理 3057 3057...
  ❌ 都不符合

[523/795] (65.8%) 處理 3058 3058...
  ✅ 僅技術面符合

[524/795] (65.9%) 處理 3059 3059...
  ❌ 都不符合

[525/795] (66.0%) 處理 3060 3060...
  ✅ 僅技術面符合

[526/795] (66.2%) 處理 3062 3062...
  ❌ 都不符合

[527/795] (66.3%) 處理 3064 3064...
  ❌ 都不符合

[528/795] (66.4%) 處理 3066 3066...
  ❌ 都不符合

[529/795] (66.5%) 處理 3067 3067...
  ❌ 都不符合

[530/795] (66.7%) 處理 3071 3071...
  ✅ 僅技術面符合

[531/795] (66.8%) 處理 3073 3073...
  ❌ 都不符合

[532/795] (66.9%) 處理 3078 3078...
  ❌ 都不符合

[533/795] (67.0%) 處理 3081 3081...
  ❌ 都不符合

[534/795] (67.2%) 處理 3083 3083...
  ❌ 都不符合

[535/795] (67.3%) 處理 3085 3085...
  ❌ 都不符合

[536/795] (67.4%) 處理 3086 3086...
  ❌ 都不符合

[537/795] (67.5%) 處理 3088 3088...
  ❌ 都不符合

[538/795] (67.7%) 處理 3090 3090...
  ❌ 都不符合

[539/795] (67.8%) 處理 3092 3092...
  ❌ 都不符合

[540/795] (67.9%) 處理 3093 3093...
  ❌ 都不符合

[541/795] (68.1%) 處理 3094 3094...
  ❌ 都不符合

[542/795] (68.2%) 處理 3095 3095...
  ❌ 都不符合

[543/795] (68.3%) 處理 3105 3105...
  ❌ 都不符合

[544/795] (68.4%) 處理 3114 3114...
  ❌ 都不符合

[545/795] (68.6%) 處理 3115 3115...
  ❌ 都不符合

[546/795] (68.7%) 處理 3118 3118...
  ✅ 僅技術面符合

[547/795] (68.8%) 處理 3122 3122...
  ✅ 僅技術面符合

[548/795] (68.9%) 處理 3128 3128...
  ❌ 都不符合

[549/795] (69.1%) 處理 3130 3130...
  ❌ 都不符合

[550/795] (69.2%) 處理 3131 3131...
  ✅ 僅技術面符合

[551/795] (69.3%) 處理 3135 3135...
  ✅ 僅技術面符合

[552/795] (69.4%) 處理 3138 3138...
  ❌ 都不符合

[553/795] (69.6%) 處理 3141 3141...
  ✅ 僅技術面符合

[554/795] (69.7%) 處理 3147 3147...
  ✅ 僅技術面符合

[555/795] (69.8%) 處理 3149 3149...
  ❌ 都不符合

[556/795] (69.9%) 處理 3150 3150...
  ❌ 都不符合

[557/795] (70.1%) 處理 3152 3152...
  ❌ 都不符合

[558/795] (70.2%) 處理 3158 3158...
  ❌ 都不符合

[559/795] (70.3%) 處理 3162 3162...
  ❌ 都不符合

[560/795] (70.4%) 處理 3163 3163...
  ❌ 都不符合

[561/795] (70.6%) 處理 3164 3164...
  ❌ 都不符合

[562/795] (70.7%) 處理 3167 3167...
  ❌ 都不符合

[563/795] (70.8%) 處理 3168 3168...
  ❌ 都不符合

[564/795] (70.9%) 處理 3169 3169...
  ❌ 都不符合

[565/795] (71.1%) 處理 3171 3171...
  ✅ 僅技術面符合

[566/795] (71.2%) 處理 3176 3176...
  ❌ 都不符合

[567/795] (71.3%) 處理 3178 3178...
  ❌ 都不符合

[568/795] (71.4%) 處理 3188 3188...
  ❌ 都不符合

[569/795] (71.6%) 處理 3189 3189...
  ❌ 都不符合

[570/795] (71.7%) 處理 3191 3191...
  ❌ 都不符合

[571/795] (71.8%) 處理 3205 3205...
  ❌ 都不符合

[572/795] (71.9%) 處理 3206 3206...
  ❌ 都不符合

[573/795] (72.1%) 處理 3207 3207...
  ❌ 都不符合

[574/795] (72.2%) 處理 3209 3209...
  ❌ 都不符合

[575/795] (72.3%) 處理 3211 3211...
  ❌ 都不符合

[576/795] (72.5%) 處理 3213 3213...
  ❌ 都不符合

[577/795] (72.6%) 處理 3217 3217...
  ❌ 都不符合

[578/795] (72.7%) 處理 3218 3218...
  ❌ 都不符合

[579/795] (72.8%) 處理 3219 3219...
  ❌ 都不符合

[580/795] (73.0%) 處理 3221 3221...
  ✅ 僅技術面符合

[581/795] (73.1%) 處理 3224 3224...
  ❌ 都不符合

[582/795] (73.2%) 處理 3226 3226...
  ❌ 都不符合

[583/795] (73.3%) 處理 3227 3227...
  ✅ 僅技術面符合

[584/795] (73.5%) 處理 3228 3228...
  ✅ 僅技術面符合

[585/795] (73.6%) 處理 3229 3229...
  ❌ 都不符合

[586/795] (73.7%) 處理 3230 3230...
  ❌ 都不符合

[587/795] (73.8%) 處理 3231 3231...
  ✅ 僅技術面符合

[588/795] (74.0%) 處理 3232 3232...
  ❌ 都不符合

[589/795] (74.1%) 處理 3234 3234...
  ❌ 都不符合

[590/795] (74.2%) 處理 3236 3236...
  ✅ 僅技術面符合

[591/795] (74.3%) 處理 3252 3252...
  ❌ 都不符合

[592/795] (74.5%) 處理 3257 3257...
  ❌ 都不符合

[593/795] (74.6%) 處理 3259 3259...
  ❌ 都不符合

[594/795] (74.7%) 處理 3260 3260...
  ❌ 都不符合

[595/795] (74.8%) 處理 3264 3264...
  ❌ 都不符合

[596/795] (75.0%) 處理 3265 3265...
  ✅ 僅技術面符合

[597/795] (75.1%) 處理 3266 3266...
  ❌ 都不符合

[598/795] (75.2%) 處理 3268 3268...
  ❌ 都不符合

[599/795] (75.3%) 處理 3272 3272...
  ❌ 都不符合

[600/795] (75.5%) 處理 3276 3276...
  ❌ 都不符合

[601/795] (75.6%) 處理 3284 3284...
  ❌ 都不符合

[602/795] (75.7%) 處理 3285 3285...
  ❌ 都不符合

[603/795] (75.8%) 處理 3287 3287...
  ❌ 都不符合

[604/795] (76.0%) 處理 3288 3288...
  ❌ 都不符合

[605/795] (76.1%) 處理 3289 3289...
  ❌ 都不符合

[606/795] (76.2%) 處理 3290 3290...
  ❌ 都不符合

[607/795] (76.4%) 處理 3293 3293...
  ❌ 都不符合

[608/795] (76.5%) 處理 3294 3294...
  ✅ 僅技術面符合

[609/795] (76.6%) 處理 3296 3296...
  ❌ 都不符合

[610/795] (76.7%) 處理 3297 3297...
  ❌ 都不符合

[611/795] (76.9%) 處理 3303 3303...
  ✅ 僅技術面符合

[612/795] (77.0%) 處理 3305 3305...
  ❌ 都不符合

[613/795] (77.1%) 處理 3306 3306...
  ❌ 都不符合

[614/795] (77.2%) 處理 3308 3308...
  ❌ 都不符合

[615/795] (77.4%) 處理 3310 3310...
  ❌ 都不符合

[616/795] (77.5%) 處理 3311 3311...
  ✅ 僅技術面符合

[617/795] (77.6%) 處理 3312 3312...
  ❌ 都不符合

[618/795] (77.7%) 處理 3313 3313...
  ❌ 都不符合

[619/795] (77.9%) 處理 3317 3317...
  ❌ 都不符合

[620/795] (78.0%) 處理 3321 3321...
  ❌ 都不符合

[621/795] (78.1%) 處理 3322 3322...
  ❌ 都不符合

[622/795] (78.2%) 處理 3323 3323...
  ❌ 都不符合

[623/795] (78.4%) 處理 3324 3324...
  ❌ 都不符合

[624/795] (78.5%) 處理 3325 3325...
  ❌ 都不符合

[625/795] (78.6%) 處理 3332 3332...
  ❌ 都不符合

[626/795] (78.7%) 處理 3338 3338...
  ❌ 都不符合

[627/795] (78.9%) 處理 3339 3339...
  ❌ 都不符合

[628/795] (79.0%) 處理 3346 3346...
  ❌ 都不符合

[629/795] (79.1%) 處理 3349 3349...
  ✅ 僅技術面符合

[630/795] (79.2%) 處理 3354 3354...
  ✅ 僅技術面符合

[631/795] (79.4%) 處理 3356 3356...
  ❌ 都不符合

[632/795] (79.5%) 處理 3357 3357...
  ❌ 都不符合

[633/795] (79.6%) 處理 3360 3360...
  ❌ 都不符合

[634/795] (79.7%) 處理 3362 3362...
  ✅ 僅技術面符合

[635/795] (79.9%) 處理 3363 3363...
  ❌ 都不符合

[636/795] (80.0%) 處理 3372 3372...
  ✅ 僅技術面符合

[637/795] (80.1%) 處理 3373 3373...
  ❌ 都不符合

[638/795] (80.3%) 處理 3374 3374...
  ❌ 都不符合

[639/795] (80.4%) 處理 3376 3376...
  ✅ 僅技術面符合

[640/795] (80.5%) 處理 3379 3379...
  ❌ 都不符合

[641/795] (80.6%) 處理 3380 3380...
  ❌ 都不符合

[642/795] (80.8%) 處理 3388 3388...
  ❌ 都不符合

[643/795] (80.9%) 處理 3390 3390...
  ❌ 都不符合

[644/795] (81.0%) 處理 3402 3402...
  ✅ 僅技術面符合

[645/795] (81.1%) 處理 3406 3406...
  ❌ 都不符合

[646/795] (81.3%) 處理 3413 3413...
  ❌ 都不符合

[647/795] (81.4%) 處理 3416 3416...
  ❌ 都不符合

[648/795] (81.5%) 處理 3419 3419...
  ❌ 都不符合

[649/795] (81.6%) 處理 3426 3426...
  ✅ 僅技術面符合

[650/795] (81.8%) 處理 3430 3430...
  ❌ 都不符合

[651/795] (81.9%) 處理 3432 3432...
  ❌ 都不符合

[652/795] (82.0%) 處理 3434 3434...
  ❌ 都不符合

[653/795] (82.1%) 處理 3437 3437...
  ❌ 都不符合

[654/795] (82.3%) 處理 3438 3438...
  ❌ 都不符合

[655/795] (82.4%) 處理 3441 3441...
  ❌ 都不符合

[656/795] (82.5%) 處理 3443 3443...
  ❌ 都不符合

[657/795] (82.6%) 處理 3444 3444...
  ❌ 都不符合

[658/795] (82.8%) 處理 3447 3447...
  ❌ 都不符合

[659/795] (82.9%) 處理 3450 3450...
  ❌ 都不符合

[660/795] (83.0%) 處理 3454 3454...
  ❌ 都不符合

[661/795] (83.1%) 處理 3455 3455...
  ❌ 都不符合

[662/795] (83.3%) 處理 3465 3465...
  ❌ 都不符合

[663/795] (83.4%) 處理 3466 3466...
  ❌ 都不符合

[664/795] (83.5%) 處理 3467 3467...
  ✅ 僅技術面符合

[665/795] (83.6%) 處理 3479 3479...
  ✅ 僅技術面符合

[666/795] (83.8%) 處理 3481 3481...
  ❌ 都不符合

[667/795] (83.9%) 處理 3483 3483...
  ❌ 都不符合

[668/795] (84.0%) 處理 3484 3484...
  ❌ 都不符合

[669/795] (84.2%) 處理 3489 3489...
  ❌ 都不符合

[670/795] (84.3%) 處理 3490 3490...
  ❌ 都不符合

[671/795] (84.4%) 處理 3491 3491...
  ❌ 都不符合

[672/795] (84.5%) 處理 3492 3492...
  ❌ 都不符合

[673/795] (84.7%) 處理 3494 3494...
  ❌ 都不符合

[674/795] (84.8%) 處理 3498 3498...
  ❌ 都不符合

[675/795] (84.9%) 處理 3499 3499...
  ✅ 僅技術面符合

[676/795] (85.0%) 處理 3501 3501...
  ❌ 都不符合

[677/795] (85.2%) 處理 3504 3504...
  ✅ 僅技術面符合

[678/795] (85.3%) 處理 3508 3508...
  ❌ 都不符合

[679/795] (85.4%) 處理 3511 3511...
  ❌ 都不符合

[680/795] (85.5%) 處理 3512 3512...
  ❌ 都不符合

[681/795] (85.7%) 處理 3515 3515...
  ❌ 都不符合

[682/795] (85.8%) 處理 3516 3516...
  ❌ 都不符合

[683/795] (85.9%) 處理 3518 3518...
  ❌ 都不符合

[684/795] (86.0%) 處理 3520 3520...
  ❌ 都不符合

[685/795] (86.2%) 處理 3521 3521...
  ❌ 都不符合

[686/795] (86.3%) 處理 3522 3522...
  ❌ 都不符合

[687/795] (86.4%) 處理 3523 3523...
  ❌ 都不符合

[688/795] (86.5%) 處理 3526 3526...
  ❌ 都不符合

[689/795] (86.7%) 處理 3527 3527...
  ❌ 都不符合

[690/795] (86.8%) 處理 3528 3528...
  ❌ 都不符合

[691/795] (86.9%) 處理 3529 3529...
  ❌ 都不符合

[692/795] (87.0%) 處理 3530 3530...
  ❌ 都不符合

[693/795] (87.2%) 處理 3531 3531...
  ❌ 都不符合

[694/795] (87.3%) 處理 3532 3532...
  ❌ 都不符合

[695/795] (87.4%) 處理 3533 3533...
  ❌ 都不符合

[696/795] (87.5%) 處理 3535 3535...
  ❌ 都不符合

[697/795] (87.7%) 處理 3537 3537...
  ❌ 都不符合

[698/795] (87.8%) 處理 3540 3540...
  ❌ 都不符合

[699/795] (87.9%) 處理 3541 3541...
  ❌ 都不符合

[700/795] (88.1%) 處理 3543 3543...
  ❌ 都不符合

[701/795] (88.2%) 處理 3545 3545...
  ❌ 都不符合

[702/795] (88.3%) 處理 3546 3546...
  ❌ 都不符合

[703/795] (88.4%) 處理 3548 3548...
  ❌ 都不符合

[704/795] (88.6%) 處理 3550 3550...
  ❌ 都不符合

[705/795] (88.7%) 處理 3551 3551...
  ✅ 僅技術面符合

[706/795] (88.8%) 處理 3552 3552...
  ❌ 都不符合

[707/795] (88.9%) 處理 3555 3555...
  ❌ 都不符合

[708/795] (89.1%) 處理 3556 3556...
  ❌ 都不符合

[709/795] (89.2%) 處理 3557 3557...
  ❌ 都不符合

[710/795] (89.3%) 處理 3558 3558...
  ❌ 都不符合

[711/795] (89.4%) 處理 3563 3563...
  ❌ 都不符合

[712/795] (89.6%) 處理 3564 3564...
  ❌ 都不符合

[713/795] (89.7%) 處理 3567 3567...
  ❌ 都不符合

[714/795] (89.8%) 處理 3570 3570...
  ❌ 都不符合

[715/795] (89.9%) 處理 3576 3576...
  ❌ 都不符合

[716/795] (90.1%) 處理 3577 3577...
  ❌ 都不符合

[717/795] (90.2%) 處理 3580 3580...
  ❌ 都不符合

[718/795] (90.3%) 處理 3581 3581...
  ❌ 都不符合

[719/795] (90.4%) 處理 3583 3583...
  ✅ 僅技術面符合

[720/795] (90.6%) 處理 3587 3587...
  ❌ 都不符合

[721/795] (90.7%) 處理 3588 3588...
  ❌ 都不符合

[722/795] (90.8%) 處理 3591 3591...
  ❌ 都不符合

[723/795] (90.9%) 處理 3592 3592...
  ❌ 都不符合

[724/795] (91.1%) 處理 3593 3593...
  ❌ 都不符合

[725/795] (91.2%) 處理 3594 3594...
  ✅ 僅技術面符合

[726/795] (91.3%) 處理 3596 3596...
  ✅ 僅技術面符合

[727/795] (91.4%) 處理 3597 3597...
  ❌ 都不符合

[728/795] (91.6%) 處理 3605 3605...
  ❌ 都不符合

[729/795] (91.7%) 處理 3607 3607...
  ❌ 都不符合

[730/795] (91.8%) 處理 3609 3609...
  ❌ 都不符合

[731/795] (91.9%) 處理 3611 3611...
  ❌ 都不符合

[732/795] (92.1%) 處理 3615 3615...
  ❌ 都不符合

[733/795] (92.2%) 處理 3617 3617...
  ❌ 都不符合

[734/795] (92.3%) 處理 3622 3622...
  ❌ 都不符合

[735/795] (92.5%) 處理 3623 3623...
  ✅ 僅技術面符合

[736/795] (92.6%) 處理 3624 3624...
  ✅ 僅技術面符合

[737/795] (92.7%) 處理 3625 3625...
  ❌ 都不符合

[738/795] (92.8%) 處理 3628 3628...
  ❌ 都不符合

[739/795] (93.0%) 處理 3629 3629...
  ❌ 都不符合

[740/795] (93.1%) 處理 3630 3630...
  ❌ 都不符合

[741/795] (93.2%) 處理 3631 3631...
  ❌ 都不符合

[742/795] (93.3%) 處理 3632 3632...
  ❌ 都不符合

[743/795] (93.5%) 處理 3645 3645...
  ❌ 都不符合

[744/795] (93.6%) 處理 3646 3646...
  ❌ 都不符合

[745/795] (93.7%) 處理 3652 3652...
  ❌ 都不符合

[746/795] (93.8%) 處理 3653 3653...
  ❌ 都不符合

[747/795] (94.0%) 處理 3661 3661...
  ❌ 都不符合

[748/795] (94.1%) 處理 3663 3663...
  ❌ 都不符合

[749/795] (94.2%) 處理 3664 3664...
  ❌ 都不符合

[750/795] (94.3%) 處理 3665 3665...
  ❌ 都不符合

[751/795] (94.5%) 處理 3666 3666...
  ❌ 都不符合

[752/795] (94.6%) 處理 3669 3669...
  ❌ 都不符合

[753/795] (94.7%) 處理 3672 3672...
  ❌ 都不符合

[754/795] (94.8%) 處理 3673 3673...
  ✅ 僅技術面符合

[755/795] (95.0%) 處理 3675 3675...
  ❌ 都不符合

[756/795] (95.1%) 處理 3679 3679...
  ❌ 都不符合

[757/795] (95.2%) 處理 3680 3680...
  ❌ 都不符合

[758/795] (95.3%) 處理 3684 3684...
  ❌ 都不符合

[759/795] (95.5%) 處理 3685 3685...
  ❌ 都不符合

[760/795] (95.6%) 處理 3686 3686...
  ❌ 都不符合

[761/795] (95.7%) 處理 3687 3687...
  ❌ 都不符合

[762/795] (95.8%) 處理 3689 3689...
  ❌ 都不符合

[763/795] (96.0%) 處理 3691 3691...
  ❌ 都不符合

[764/795] (96.1%) 處理 3693 3693...
  ❌ 都不符合

[765/795] (96.2%) 處理 3694 3694...
  ❌ 都不符合

[766/795] (96.4%) 處理 3701 3701...
  ❌ 都不符合

[767/795] (96.5%) 處理 3702 3702...
  ❌ 都不符合

[768/795] (96.6%) 處理 3703 3703...
  ❌ 都不符合

[769/795] (96.7%) 處理 3704 3704...
  ❌ 都不符合

[770/795] (96.9%) 處理 3705 3705...
  ❌ 都不符合

[771/795] (97.0%) 處理 3706 3706...
  ❌ 都不符合

[772/795] (97.1%) 處理 3707 3707...
  ❌ 都不符合

[773/795] (97.2%) 處理 3708 3708...
  ❌ 都不符合

[774/795] (97.4%) 處理 3709 3709...
  ✅ 僅技術面符合

[775/795] (97.5%) 處理 3710 3710...
  ❌ 都不符合

[776/795] (97.6%) 處理 3711 3711...
  ❌ 都不符合

[777/795] (97.7%) 處理 3712 3712...
  ❌ 都不符合

[778/795] (97.9%) 處理 3713 3713...
  ❌ 都不符合

[779/795] (98.0%) 處理 3714 3714...
  ❌ 都不符合

[780/795] (98.1%) 處理 3715 3715...
  ❌ 都不符合

[781/795] (98.2%) 處理 3716 3716...
  ❌ 都不符合

[782/795] (98.4%) 處理 3717 3717...
  ❌ 都不符合

[783/795] (98.5%) 處理 5864 5864...
  ✅ 僅技術面符合

[784/795] (98.6%) 處理 5871 5871...
  ❌ 都不符合

[785/795] (98.7%) 處理 5876 5876...
  ❌ 都不符合

[786/795] (98.9%) 處理 5878 5878...
  ❌ 都不符合

[787/795] (99.0%) 處理 5880 5880...
  ❌ 都不符合

[788/795] (99.1%) 處理 6005 6005...
  ✅ 僅技術面符合

[789/795] (99.2%) 處理 6015 6015...
  ✅ 僅技術面符合

[790/795] (99.4%) 處理 6016 6016...
  ✅ 僅技術面符合

[791/795] (99.5%) 處理 6020 6020...
  ❌ 都不符合

[792/795] (99.6%) 處理 6021 6021...
  ✅ 僅技術面符合

[793/795] (99.7%) 處理 6023 6023...
  ❌ 都不符合

[794/795] (99.9%) 處理 6024 6024...
  ❌ 都不符合

[795/795] (100.0%) 處理 6026 6026...
  ❌ 都不符合

💾 結果已保存至：output/fixed_batch_results_20260331_143604.json

======================================================================
篩選結果統計
======================================================================
總計股票：795 檔
執行成功：795 檔
執行失敗：0 檔
全部符合：0 檔
僅技術面符合：113 檔
僅營收面符合：0 檔
K 線 + 量符合：4 檔
都不符合：678 檔
======================================================================

📊 K 線 + 量符合的股票：
  - 2007 2007 (bullish_engulfing) [strong_surge]
  - 2008 2008 (hammer) [extreme_surge]
  - 3008 3008 (hammer) [moderate_surge]
  - 3023 3023 (bullish_engulfing) [strong_surge]

📈 僅技術面符合的股票：
  - 0051 0051
  - 0052 0052
  - 0053 0053
  - 1235 1235
  - 1301 1301
  - 1304 1304
  - 1305 1305
  - 1307 1307
  - 1308 1308
  - 1309 1309
    ... 還有 103 檔

✅ 批量篩選完成！
